((({
  val src0: FBase = {
    val xs$proxy: ints & FArray[Int] = ints.$asInstanceOf$[ints & FArray[Int]]

    (xs$proxy: ints)
  }.asInstanceOf[FBase]
  val n0: Int = src0.length
  var done: Boolean = false
  val zthat: FBase = zipSrc.asInstanceOf[FBase]
  val zn: Int = zthat.length
  var c: Int = 0
  var `c₂`: Int = 0
  var acc: Int = 0

  ({
    val s: FBase = src0
    val a: Array[Int] = s match {
      case l: IntArr =>
        (l.arr: Array[Int])
      case _ =>
        null
    }
    val len: Int = s.length
    var i: Int = 0
    while (i.<(len).&&(done.unary_!)) {
      val x: Int = if (a.ne(null)) a.apply(i) else FArrayOps.intAt(s, i)
      val v: Int = x.%(3)
      val keep: Boolean = v.!=(0)
      if (keep) {
        val m: Int = x.*(2)
        val `v₂`: Int = m.%(2)
        val `keep₂`: Boolean = `v₂`.==(0)
        if (`keep₂`) {
          val mapped: Int = m.-(7)
          if (c.>=(zn)) done = true else {
            val pos: Int = c
            c = c.+(1)
            val zipped: Int = FArrayOps.intAt(zthat, pos)
            val `mapped₂`: Int = mapped.+(zipped)
            val idx: Int = `c₂`
            `c₂` = `c₂`.+(1)
            val `v₃`: Int = `mapped₂`.+(idx)
            val `v₄`: Int = `v₃`.%(4)
            val `keep₃`: Boolean = `v₄`.!=(0)
            if (`keep₃`) {
              val d: Int = `mapped₂`.-(idx)
              val `keep₄`: Boolean = d.>(0)
              if (`keep₄`) {
                acc = acc.+(d)
                ()
              } else ()
              val `v₅`: Int = d.+(3)
              val `keep₅`: Boolean = `v₅`.>(0)
              if (`keep₅`) {
                val r: Int = d.+(3)
                acc = acc.+(r)
                ()
              } else ()
              ()
            } else ()
          }
        } else ()
        val `v₆`: Int = m.^(5)
        val `v₇`: Int = `v₆`.%(2)
        val `keep₆`: Boolean = `v₇`.==(0)
        if (`keep₆`) {
          val `v₈`: Int = m.^(5)
          val `mapped₃`: Int = `v₈`.-(7)
          if (c.>=(zn)) done = true else {
            val `pos₂`: Int = c
            c = c.+(1)
            val `zipped₂`: Int = FArrayOps.intAt(zthat, `pos₂`)
            val `mapped₄`: Int = `mapped₃`.+(`zipped₂`)
            val `idx₂`: Int = `c₂`
            `c₂` = `c₂`.+(1)
            val `v₉`: Int = `mapped₄`.+(`idx₂`)
            val `v₁₀`: Int = `v₉`.%(4)
            val `keep₇`: Boolean = `v₁₀`.!=(0)
            if (`keep₇`) {
              val `d₂`: Int = `mapped₄`.-(`idx₂`)
              val `keep₈`: Boolean = `d₂`.>(0)
              if (`keep₈`) {
                acc = acc.+(`d₂`)
                ()
              } else ()
              val `v₁₁`: Int = `d₂`.+(3)
              val `keep₉`: Boolean = `v₁₁`.>(0)
              if (`keep₉`) {
                val `r₂`: Int = `d₂`.+(3)
                acc = acc.+(`r₂`)
                ()
              } else ()
              ()
            } else ()
          }
        } else ()
        ()
      } else ()
      val `v₁₂`: Int = x.+(1)
      val `v₁₃`: Int = `v₁₂`.%(3)
      val `keep₁₀`: Boolean = `v₁₃`.!=(0)
      if (`keep₁₀`) {
        val `v₁₄`: Int = x.+(1)
        val `m₂`: Int = `v₁₄`.*(2)
        val `v₁₅`: Int = `m₂`.%(2)
        val `keep₁₁`: Boolean = `v₁₅`.==(0)
        if (`keep₁₁`) {
          val `mapped₅`: Int = `m₂`.-(7)
          if (c.>=(zn)) done = true else {
            val `pos₃`: Int = c
            c = c.+(1)
            val `zipped₃`: Int = FArrayOps.intAt(zthat, `pos₃`)
            val `mapped₆`: Int = `mapped₅`.+(`zipped₃`)
            val `idx₃`: Int = `c₂`
            `c₂` = `c₂`.+(1)
            val `v₁₆`: Int = `mapped₆`.+(`idx₃`)
            val `v₁₇`: Int = `v₁₆`.%(4)
            val `keep₁₂`: Boolean = `v₁₇`.!=(0)
            if (`keep₁₂`) {
              val `d₃`: Int = `mapped₆`.-(`idx₃`)
              val `keep₁₃`: Boolean = `d₃`.>(0)
              if (`keep₁₃`) {
                acc = acc.+(`d₃`)
                ()
              } else ()
              val `v₁₈`: Int = `d₃`.+(3)
              val `keep₁₄`: Boolean = `v₁₈`.>(0)
              if (`keep₁₄`) {
                val `r₃`: Int = `d₃`.+(3)
                acc = acc.+(`r₃`)
                ()
              } else ()
              ()
            } else ()
          }
        } else ()
        val `v₁₉`: Int = `m₂`.^(5)
        val `v₂₀`: Int = `v₁₉`.%(2)
        val `keep₁₅`: Boolean = `v₂₀`.==(0)
        if (`keep₁₅`) {
          val `v₂₁`: Int = `m₂`.^(5)
          val `mapped₇`: Int = `v₂₁`.-(7)
          if (c.>=(zn)) done = true else {
            val `pos₄`: Int = c
            c = c.+(1)
            val `zipped₄`: Int = FArrayOps.intAt(zthat, `pos₄`)
            val `mapped₈`: Int = `mapped₇`.+(`zipped₄`)
            val `idx₄`: Int = `c₂`
            `c₂` = `c₂`.+(1)
            val `v₂₂`: Int = `mapped₈`.+(`idx₄`)
            val `v₂₃`: Int = `v₂₂`.%(4)
            val `keep₁₆`: Boolean = `v₂₃`.!=(0)
            if (`keep₁₆`) {
              val `d₄`: Int = `mapped₈`.-(`idx₄`)
              val `keep₁₇`: Boolean = `d₄`.>(0)
              if (`keep₁₇`) {
                acc = acc.+(`d₄`)
                ()
              } else ()
              val `v₂₄`: Int = `d₄`.+(3)
              val `keep₁₈`: Boolean = `v₂₄`.>(0)
              if (`keep₁₈`) {
                val `r₄`: Int = `d₄`.+(3)
                acc = acc.+(`r₄`)
                ()
              } else ()
              ()
            } else ()
          }
        } else ()
        ()
      } else ()
      i = i.+(1)
    }
    acc
  }: Int)
}.asInstanceOf[Int]: Int): Int): Int)
