{
  val $proxy: FArray$package {
    type FArray >: [A >: Nothing <: Any] =>> FBase <: [A >: Nothing <: Any] =>> FBase
  } = FArray$package.$asInstanceOf$[FArray$package {
    type FArray >: [A >: Nothing <: Any] =>> FBase <: [A >: Nothing <: Any] =>> FBase
  }]
  val xs$proxy: ints & FArray[Int] = ints.$asInstanceOf$[ints & FArray[Int]]
  val Fuse_this: Fuse[Int] = (new Fuse[Int](xs$proxy): Fuse[Int]).zip[Int](ys).collect[Int](((x$1: Tuple2[Int, Int]) => x$1 match {
    case Tuple2(a, b) if a.+(b).%(2).==(0) =>
      a.*(b)
  })).map[Int](((_$: Int) => _$.+(1)))

  ({
    val src0: FBase = inline$base$i1[Int](Fuse_this).asInstanceOf[FBase]
    val n0: Int = src0.length
    var done: Boolean = false
    val zthat: FBase = ys.asInstanceOf[FBase]
    val zn: Int = zthat.length
    var c: Int = 0
    val cap: Int = java.lang.Math.min(n0, zn)
    val out: Array[Int] = new Array[Int](cap)
    var o: Int = 0
    src0 match {
      case leaf: IntArr =>
        val `a₂`: Array[Int] = leaf.arr
        val len: Int = `a₂`.length
        var i: Int = 0
        while (i.<(len).&&(done.unary_!)) {
          val v: Int = `a₂`.apply(i)
          if (c.>=(zn)) done = true else {
            val pos: Int = c
            c = c.+(1)
            val `v₂`: Int = FArrayOps.intAt(zthat, pos)
            new Tuple2$mcII$sp(v, `v₂`).asInstanceOf[Tuple2[Int, Int]] match {
              case Tuple2(a, b) if `a₃`.+(`b₂`).%(2).==(0) =>
                {
                  val `v₃`: Int = `a₃`.*(`b₂`)
                  val `v₄`: Int = `v₃`.+(1)
                  out.update(o, `v₄`)
                  o = o.+(1)
                }
              case _ =>
                ()
            }
          }
          i = i.+(1)
        }
      case s =>
        val `len₂`: Int = s.length
        var `i₂`: Int = 0
        while (`i₂`.<(`len₂`).&&(done.unary_!)) {
          val `v₅`: Int = FArrayOps.intAt(s, `i₂`)
          if (c.>=(zn)) done = true else {
            val `pos₂`: Int = c
            c = c.+(1)
            val `v₆`: Int = FArrayOps.intAt(zthat, `pos₂`)
            new Tuple2$mcII$sp(`v₅`, `v₆`).asInstanceOf[Tuple2[Int, Int]] match {
              case Tuple2(a, b) if `a₄`.+(`b₃`).%(2).==(0) =>
                {
                  val `v₇`: Int = `a₄`.*(`b₃`)
                  val `v₈`: Int = `v₇`.+(1)
                  out.update(o, `v₈`)
                  o = o.+(1)
                }
              case _ =>
                ()
            }
          }
          `i₂` = `i₂`.+(1)
        }
    }
    if (o.==(0)) (Empty.INSTANCE: FBase) else if (o.==(1)) new IntOne(out.apply(0)) else if (o.==(cap)) new IntArr(out, o) else new IntArr(java.util.Arrays.copyOf(out, o), o)
  }.asInstanceOf[FArray[Int]]: FArray[Int])
}
