(({
  val src0: FBase = null.asInstanceOf[FBase]
  val n0: Int = 16
  var acc: Double = 0.0
  var c: Int = 0
  var best: Double = null.asInstanceOf[Double]
  var seen: Boolean = false
  val src: ByteRecordSource = {
    val NdjsonSource_this: NdjsonSource[Event] = (new NdjsonSource[Event](`src₂`, 0, `src₂`.length): NdjsonSource[Event])

    (NdjsonSource_this: NdjsonSource[Event])
  }.asInstanceOf[ByteRecordSource]
  val keyBytes: Array[Byte] = JsonScanner.internKey("amount")
  val `keyBytes₂`: Array[Byte] = JsonScanner.internKey("score")
  val `keyBytes₃`: Array[Byte] = JsonScanner.internKey("status")
  try while (src.nextChunk().&&(true)) while (src.nextRecord().&&(true)) {
    val buf: Array[Byte] = src.buf
    val recStart: Int = src.recordStart
    val recEnd: Int = src.recordEnd
    var amount: Double = 0.0
    var pNext: Int = 0
    var `seen₂`: Boolean = false
    var score: Double = 0.0
    var `pNext₂`: Int = 0
    var `seen₃`: Boolean = false
    var st: Int = 0
    var ln: Int = 0
    var `seen₄`: Boolean = false
    var rejected: Boolean = false
    var p: Int = recStart.+(1)
    var open: Boolean = buf.apply(recStart).==('{')
    var predChecked: Boolean = false
    while (open) if (buf.apply(p).==('}')) open = false else {
      val ks: Int = p.+(1)
      val ke: Int = (JsonBytes.scanStringEnd(buf, ks, recEnd): Int)
      p = if (`seen₂`.unary_!.&&(({
        val len: Int = ke.-(ks)
        len.==(keyBytes.length).&&(java.util.Arrays.equals(buf, ks, ke, keyBytes, 0, len))
      }: Boolean))) {
        amount = JsonScanner.readDoubleAt(buf, ke.+(2), recEnd)
        pNext = (inline$numEndTL.get().apply(0): Int)
        `seen₂` = true
        pNext
      } else if (`seen₃`.unary_!.&&(({
        val `len₂`: Int = ke.-(ks)
        `len₂`.==(`keyBytes₂`.length).&&(java.util.Arrays.equals(buf, ks, ke, `keyBytes₂`, 0, `len₂`))
      }: Boolean))) {
        score = JsonScanner.readDoubleAt(buf, ke.+(2), recEnd)
        `pNext₂` = (inline$numEndTL.get().apply(0): Int)
        `seen₃` = true
        `pNext₂`
      } else if (`seen₄`.unary_!.&&(({
        val `len₃`: Int = ke.-(ks)
        `len₃`.==(`keyBytes₃`.length).&&(java.util.Arrays.equals(buf, ks, ke, `keyBytes₃`, 0, `len₃`))
      }: Boolean))) {
        val vs: Int = ke.+(2).+(1)
        val ve: Int = (JsonBytes.scanStringEnd(buf, vs, recEnd): Int)
        st = vs
        ln = ve.-(vs)
        `seen₄` = true
        ve.+(1)
      } else JsonScanner.skipValue(buf, ke.+(2), recEnd)
      if (predChecked.unary_!.&&(`seen₄`)) {
        predChecked = true
        if ({
          val start$proxy: Int = st
          val len$proxy: Int = ln

          (new String(buf, start$proxy, len$proxy, java.nio.charset.StandardCharsets.ISO_8859_1): String)
        }.==("active").unary_!) {
          rejected = true
          open = false
        } else ()
      } else ()
      if (open) if (`seen₂`.&&(`seen₃`).&&(`seen₄`)) open = false else if (buf.apply(p).==(',')) p = p.+(1) else open = false else ()
    }
    if (rejected.unary_!) {
      val status: String = {
        val start$proxy: Int = st
        val len$proxy: Int = ln

        (new String(buf, start$proxy, len$proxy, java.nio.charset.StandardCharsets.ISO_8859_1): String)
      }
      val keep: Boolean = status.==("active")
      if (keep) {
        acc = acc.+(amount)
        c = c.+(1)
        val `score₂`: Double = score
        if (seen.unary_!.||(`score₂`.>(best))) {
          best = `score₂`
          seen = true
        } else ()
        ()
      } else ()
    } else ()
  } finally src.close()
  val revenue: Double = acc
  val n: Int = c
  val peak: Double = if (seen) best else throw new NoSuchElementException("min1/max1 of empty fused pipeline")
  JsonDemo.Stats.apply(revenue, n, peak)
}.asInstanceOf[Stats]: Stats): Stats)
