(({
  val src0: FBase = {
    val xs$proxy: trades & FArray[Trade] = trades.$asInstanceOf$[trades & FArray[Trade]]

    (xs$proxy: trades)
  }.asInstanceOf[FBase]
  val n0: Int = src0.length
  var curKey: Int = null.asInstanceOf[Int]
  var acc0: Double = null.asInstanceOf[Double]
  var started: Boolean = false
  val seed0: Double = 0.0
  val cap: Int = n0
  var out: Array[Object] = if (n0.<=(64)) Array.emptyObjectArray else new Array[Object](cap)
  var single: Object = null.asInstanceOf[Object]
  var o: Int = 0
  val s: FBase = src0
  val a: Array[Object] = s match {
    case l: RefArr =>
      (l.arr: Array[Object])
    case t =>
      if (t.length.>=(64)) FArrayOps.materializeRef(t) else Array.emptyObjectArray
  }
  val len: Int = s.length
  var i: Int = 0
  while (i.<(len)) {
    val elem: Trade = if (a.ne(Array.emptyObjectArray)) a.apply(i).asInstanceOf[Trade] else FArrayOps.refAt(s, i).asInstanceOf[Trade]
    val day: Int = elem.day
    if (started.unary_!) {
      curKey = day
      acc0 = seed0.+(elem.amount)
      started = true
    } else if (day.==(curKey)) acc0 = {
      val acc: Double = acc0
      acc.+(elem.amount)
    } else {
      val _v: Object = new Tuple2$mcID$sp(curKey, acc0).asInstanceOf[Tuple2[Int, Double]].asInstanceOf[Object]
      if (out.ne(Array.emptyObjectArray)) out.update(o, _v) else if (o.==(0)) single = _v else {
        out = new Array[Object](cap)
        out.update(0, single)
        out.update(o, _v)
      }
      o = o.+(1)
      curKey = day
      acc0 = seed0.+(elem.amount)
    }
    i = i.+(1)
  }
  if (started) {
    val `_v₂`: Object = new Tuple2$mcID$sp(curKey, acc0).asInstanceOf[Tuple2[Int, Double]].asInstanceOf[Object]
    if (out.ne(Array.emptyObjectArray)) out.update(o, `_v₂`) else if (o.==(0)) single = `_v₂` else {
      out = new Array[Object](cap)
      out.update(0, single)
      out.update(o, `_v₂`)
    }
    o = o.+(1)
  } else ()
  if (o.==(0)) (Empty.INSTANCE: FBase) else if (o.==(1)) new RefOne(if (out.eq(Array.emptyObjectArray)) single else out.apply(0)) else if (o.==(cap)) new RefArr(out, o) else new RefArr(java.util.Arrays.copyOf[Object](out, o), o)
}.asInstanceOf[FArray[Tuple2[Int, Double]]]: FArray[Tuple2[Int, Double]]): FArray[Tuple2[Int, Double]])
