{
  val $proxy: FArray$package {
    type FArray >: [A >: Nothing <: Any] =>> FBase <: [A >: Nothing <: Any] =>> FBase
  } = FArray$package.$asInstanceOf$[FArray$package {
    type FArray >: [A >: Nothing <: Any] =>> FBase <: [A >: Nothing <: Any] =>> FBase
  }]
  val xs$proxy: ints & FArray[Int] = ints.$asInstanceOf$[ints & FArray[Int]]
  val Fuse_this: Fuse[Int] = (new Fuse[Int](xs$proxy): Fuse[Int]).map[Int](((x: Int) => x.+(1))).filter(((y: Int) => y.%(2).==(0))).map[Int](((z: Int) => z.*(2)))

  ({
    val src0: FBase = inline$base$i1[Int](Fuse_this).asInstanceOf[FBase]
    val n0: Int = src0.length
    val cap: Int = n0
    val out: Array[Int] = new Array[Int](cap)
    var o: Int = 0
    val s: FBase = src0
    val a: Array[Int] = s match {
      case l: IntArr =>
        (l.arr: Array[Int])
      case t =>
        if (t.length.>=(64)) FArrayOps.materializeInt(t) else null
    }
    val len: Int = s.length
    var i: Int = 0
    while (i.<(len)) {
      val `x₂`: Int = if (a.ne(null)) a.apply(i) else FArrayOps.intAt(s, i)
      val `y₂`: Int = `x₂`.+(1)
      val v: Int = `y₂`.%(2)
      val keep: Boolean = v.==(0)
      if (keep) {
        val mapped: Int = `y₂`.*(2)
        out.update(o, mapped)
        o = o.+(1)
      } else ()
      i = i.+(1)
    }
    if (o.==(0)) (Empty.INSTANCE: FBase) else if (o.==(1)) new IntOne(out.apply(0)) else if (o.==(cap)) new IntArr(out, o) else new IntArr(java.util.Arrays.copyOf(out, o), o)
  }.asInstanceOf[FArray[Int]]: FArray[Int])
}
