((({
  val src0: FBase = {
    val xs$proxy: ints & FArray[Int] = ints.$asInstanceOf$[ints & FArray[Int]]

    (xs$proxy: ints)
  }.asInstanceOf[FBase]
  val n0: Int = src0.length
  var acc: Int = 0

  ({
    val s: FBase = src0
    val a: Array[Int] = s match {
      case l: IntArr =>
        (l.arr: Array[Int])
      case t =>
        if (t.length.>=(64)) FArrayOps.materializeInt(t) else Array.emptyIntArray
    }
    val len: Int = s.length
    var i: Int = 0
    while (i.<(len)) {
      val x: Int = if (a.ne(Array.emptyIntArray)) a.apply(i) else FArrayOps.intAt(s, i)
      val score: Int = x.*(100)
      acc = acc.+(score)
      i = i.+(1)
    }
    acc
  }: Int)
}.asInstanceOf[Int]: Int): Int): Int)
