(({
  val src0: FBase = {
    val xs$proxy: ints & FArray[Int] = ints.$asInstanceOf$[ints & FArray[Int]]

    (xs$proxy: ints)
  }.asInstanceOf[FBase]
  val n0: Int = src0.length
  var done: Boolean = false
  val zthat: FBase = ys.asInstanceOf[FBase]
  val zn: Int = zthat.length
  var c: Int = 0
  val cap: Int = java.lang.Math.min(n0, zn)
  val out: Array[Int] = new Array[Int](cap)
  var o: Int = 0
  val s: FBase = src0
  val a: Array[Int] = s match {
    case l: IntArr =>
      (l.arr: Array[Int])
    case _ =>
      null
  }
  val len: Int = s.length
  var i: Int = 0
  while (i.<(len).&&(done.unary_!)) {
    val elem: Int = if (a.ne(null)) a.apply(i) else FArrayOps.intAt(s, i)
    if (c.>=(zn)) done = true else {
      val pos: Int = c
      c = c.+(1)
      val zipped: Int = FArrayOps.intAt(zthat, pos)
      new Tuple2$mcII$sp(elem, zipped).asInstanceOf[Tuple2[Int, Int]] match {
        case Tuple2(a, b) if `a₂`.+(b).%(2).==(0) =>
          val r: Int = `a₂`.*(b)
          {
            val mapped: Int = r.+(1)
            out.update(o, mapped)
            o = o.+(1)
          }
        case _ =>
          ()
      }
    }
    i = i.+(1)
  }
  if (o.==(0)) (Empty.INSTANCE: FBase) else if (o.==(1)) new IntOne(out.apply(0)) else if (o.==(cap)) new IntArr(out, o) else new IntArr(java.util.Arrays.copyOf(out, o), o)
}.asInstanceOf[FArray[Int]]: FArray[Int]): FArray[Int])
