(({
  val src0: FBase = inline$base$i1[Tuple2[Int, Double]]({
    val $proxy: FArray$package {
      type FArray >: [A >: Nothing <: Any] =>> FBase <: [A >: Nothing <: Any] =>> FBase
    } = FArray$package.$asInstanceOf$[FArray$package {
      type FArray >: [A >: Nothing <: Any] =>> FBase <: [A >: Nothing <: Any] =>> FBase
    }]
    val xs$proxy: trades & FArray[Trade] = trades.$asInstanceOf$[trades & FArray[Trade]]

    (new Fuse[Trade, FuseNative](xs$proxy): Fuse[Trade, FuseNative])
  }.foldAdjacentBy[Int, Double](((_$: Trade) => _$.day))(0.0)(((acc: Double, t: Trade) => acc.+(t.amount)))).asInstanceOf[FBase]
  val n0: Int = src0.length
  var curKey: Int = null.asInstanceOf[Int]
  var acc0: Double = null.asInstanceOf[Double]
  var started: Boolean = false
  val seed0: Double = 0.0
  val cap: Int = n0
  val out: Array[Object] = new Array[Object](cap)
  var o: Int = 0
  val s: FBase = src0
  val a: Array[Object] = s match {
    case l: RefArr =>
      (l.arr: Array[Object])
    case t =>
      if (`t₂`.length.>=(64)) FArrayOps.materializeRef(`t₂`) else null
  }
  val len: Int = s.length
  var i: Int = 0
  while (i.<(len)) {
    val v: Trade = if (a.ne(null)) a.apply(i).asInstanceOf[Trade] else FArrayOps.refAt(s, i).asInstanceOf[Trade]
    val `v₂`: Int = v.day
    if (started.unary_!) {
      curKey = `v₂`
      acc0 = seed0.+(v.amount)
      started = true
    } else if (`v₂`.==(curKey)) acc0 = {
      val `acc₂`: Double = acc0
      `acc₂`.+(v.amount)
    } else {
      out.update(o, new Tuple2$mcID$sp(curKey, acc0).asInstanceOf[Tuple2[Int, Double]].asInstanceOf[Object])
      o = o.+(1)
      curKey = `v₂`
      acc0 = seed0.+(v.amount)
    }
    i = i.+(1)
  }
  if (started) {
    out.update(o, new Tuple2$mcID$sp(curKey, acc0).asInstanceOf[Tuple2[Int, Double]].asInstanceOf[Object])
    o = o.+(1)
  } else ()
  if (o.==(0)) (Empty.INSTANCE: FBase) else if (o.==(1)) new RefOne(out.apply(0)) else if (o.==(cap)) new RefArr(out, o) else new RefArr(java.util.Arrays.copyOf[Object](out, o), o)
}.asInstanceOf[FArray[Tuple2[Int, Double]]]: FArray[Tuple2[Int, Double]]): FArray[Tuple2[Int, Double]])
