{
  val $proxy: FArray$package {
    type FArray >: [A >: Nothing <: Any] =>> FBase <: [A >: Nothing <: Any] =>> FBase
  } = FArray$package.$asInstanceOf$[FArray$package {
    type FArray >: [A >: Nothing <: Any] =>> FBase <: [A >: Nothing <: Any] =>> FBase
  }]
  val xs$proxy: ints & FArray[Int] = ints.$asInstanceOf$[ints & FArray[Int]]
  val Fuse_this: Fuse[Int] = (new Fuse[Int](xs$proxy): Fuse[Int]).map[Tuple3[Int, Int, Int]](((x: Int) => Tuple3.apply[Int, Int, Int](x.%(3), x.*(7), x.*(13)))).filter(((t: Tuple3[Int, Int, Int]) => t._1.==(0))).map[Int](((`t₂`: Tuple3[Int, Int, Int]) => `t₂`._2))

  ({
    val src0: FBase = inline$base$i1[Int](Fuse_this).asInstanceOf[FBase]
    val n0: Int = src0.length
    val cap: Int = n0
    val out: Array[Int] = new Array[Int](cap)
    var o: Int = 0
    val s: FBase = src0
    val a: Array[Int] = s match {
      case l: IntArr =>
        (l.arr: Array[Int])
      case t =>
        if (`t₃`.length.>=(64)) FArrayOps.materializeInt(`t₃`) else null
    }
    val len: Int = s.length
    var i: Int = 0
    while (i.<(len)) {
      val `x₂`: Int = if (a.ne(null)) a.apply(i) else FArrayOps.intAt(s, i)
      val v: Int = `x₂`.%(3)
      val keep: Boolean = v.==(0)
      if (keep) {
        val `v₂`: Int = `x₂`.*(7)
        out.update(o, `v₂`)
        o = o.+(1)
      } else ()
      i = i.+(1)
    }
    if (o.==(0)) (Empty.INSTANCE: FBase) else if (o.==(1)) new IntOne(out.apply(0)) else if (o.==(cap)) new IntArr(out, o) else new IntArr(java.util.Arrays.copyOf(out, o), o)
  }.asInstanceOf[FArray[Int]]: FArray[Int])
}
