{
  val $proxy: FArray$package {
    type FArray >: [A >: Nothing <: Any] =>> FBase <: [A >: Nothing <: Any] =>> FBase
  } = FArray$package.$asInstanceOf$[FArray$package {
    type FArray >: [A >: Nothing <: Any] =>> FBase <: [A >: Nothing <: Any] =>> FBase
  }]
  val xs$proxy: ints & FArray[Int] = ints.$asInstanceOf$[ints & FArray[Int]]
  val Fuse_this: Fuse[Int] = (new Fuse[Int](xs$proxy): Fuse[Int]).map[Int](((_$: Int) => _$.*(3)))

  ({
    val src0: FBase = inline$base$i1[Int](Fuse_this).asInstanceOf[FBase]
    val n0: Int = src0.length
    var done: Boolean = false
    var res: Option[Any] = None
    val s: FBase = src0
    val a: Array[Int] = s match {
      case l: IntArr =>
        (l.arr: Array[Int])
      case _ =>
        null
    }
    val len: Int = s.length
    var i: Int = 0
    while (i.<(len).&&(done.unary_!)) {
      val v: Int = if (a.ne(null)) a.apply(i) else FArrayOps.intAt(s, i)
      val `v₂`: Int = v.*(3)
      if (`v₂`.>(100)) {
        res = Some.apply[Any](`v₂`)
        done = true
      } else ()
      i = i.+(1)
    }

    (res: Option[Any])
  }.asInstanceOf[Option[Int]]: Option[Int])
}
