((({
  val src0: FBase = {
    val xs$proxy: ints & FArray[Int] = ints.$asInstanceOf$[ints & FArray[Int]]

    (xs$proxy: ints)
  }.asInstanceOf[FBase]
  val n0: Int = src0.length
  var done: Boolean = false
  val zthat: FBase = zipSrc.asInstanceOf[FBase]
  val zn: Int = zthat.length
  var c: Int = 0
  var `c₂`: Int = 0
  var acc: Int = 0

  ({
    val s: FBase = src0
    val a: Array[Int] = s match {
      case l: IntArr =>
        (l.arr: Array[Int])
      case _ =>
        null
    }
    val len: Int = s.length
    var i: Int = 0
    while (i.<(len).&&(done.unary_!)) {
      val v: Int = if (a.ne(null)) a.apply(i) else FArrayOps.intAt(s, i)
      val `v₂`: Int = v.%(3)
      val `v₃`: Boolean = `v₂`.!=(0)
      if (`v₃`) {
        val `v₄`: Int = v.*(2)
        val `v₅`: Int = `v₄`.%(2)
        val `v₆`: Boolean = `v₅`.==(0)
        if (`v₆`) {
          val `v₇`: Int = `v₄`.-(7)
          if (c.>=(zn)) done = true else {
            val pos: Int = c
            c = c.+(1)
            val `v₈`: Int = FArrayOps.intAt(zthat, pos)
            val `v₉`: Int = `v₇`.+(`v₈`)
            val `v₁₀`: Int = `c₂`
            `c₂` = `c₂`.+(1)
            val `v₁₁`: Int = `v₉`.+(`v₁₀`)
            val `v₁₂`: Int = `v₁₁`.%(4)
            val `v₁₃`: Boolean = `v₁₂`.!=(0)
            if (`v₁₃`) {
              val `v₁₄`: Int = `v₉`.-(`v₁₀`)
              val `v₁₅`: Boolean = `v₁₄`.>(0)
              if (`v₁₅`) {
                acc = acc.+(`v₁₄`)
                ()
              } else ()
              val `v₁₆`: Int = `v₁₄`.+(3)
              val `v₁₇`: Boolean = `v₁₆`.>(0)
              if (`v₁₇`) {
                val `v₁₈`: Int = `v₁₄`.+(3)
                acc = acc.+(`v₁₈`)
                ()
              } else ()
              ()
            } else ()
          }
        } else ()
        val `v₁₉`: Int = `v₄`.^(5)
        val `v₂₀`: Int = `v₁₉`.%(2)
        val `v₂₁`: Boolean = `v₂₀`.==(0)
        if (`v₂₁`) {
          val `v₂₂`: Int = `v₄`.^(5)
          val `v₂₃`: Int = `v₂₂`.-(7)
          if (c.>=(zn)) done = true else {
            val `pos₂`: Int = c
            c = c.+(1)
            val `v₂₄`: Int = FArrayOps.intAt(zthat, `pos₂`)
            val `v₂₅`: Int = `v₂₃`.+(`v₂₄`)
            val `v₂₆`: Int = `c₂`
            `c₂` = `c₂`.+(1)
            val `v₂₇`: Int = `v₂₅`.+(`v₂₆`)
            val `v₂₈`: Int = `v₂₇`.%(4)
            val `v₂₉`: Boolean = `v₂₈`.!=(0)
            if (`v₂₉`) {
              val `v₃₀`: Int = `v₂₅`.-(`v₂₆`)
              val `v₃₁`: Boolean = `v₃₀`.>(0)
              if (`v₃₁`) {
                acc = acc.+(`v₃₀`)
                ()
              } else ()
              val `v₃₂`: Int = `v₃₀`.+(3)
              val `v₃₃`: Boolean = `v₃₂`.>(0)
              if (`v₃₃`) {
                val `v₃₄`: Int = `v₃₀`.+(3)
                acc = acc.+(`v₃₄`)
                ()
              } else ()
              ()
            } else ()
          }
        } else ()
        ()
      } else ()
      val `v₃₅`: Int = v.+(1)
      val `v₃₆`: Int = `v₃₅`.%(3)
      val `v₃₇`: Boolean = `v₃₆`.!=(0)
      if (`v₃₇`) {
        val `v₃₈`: Int = v.+(1)
        val `v₃₉`: Int = `v₃₈`.*(2)
        val `v₄₀`: Int = `v₃₉`.%(2)
        val `v₄₁`: Boolean = `v₄₀`.==(0)
        if (`v₄₁`) {
          val `v₄₂`: Int = `v₃₉`.-(7)
          if (c.>=(zn)) done = true else {
            val `pos₃`: Int = c
            c = c.+(1)
            val `v₄₃`: Int = FArrayOps.intAt(zthat, `pos₃`)
            val `v₄₄`: Int = `v₄₂`.+(`v₄₃`)
            val `v₄₅`: Int = `c₂`
            `c₂` = `c₂`.+(1)
            val `v₄₆`: Int = `v₄₄`.+(`v₄₅`)
            val `v₄₇`: Int = `v₄₆`.%(4)
            val `v₄₈`: Boolean = `v₄₇`.!=(0)
            if (`v₄₈`) {
              val `v₄₉`: Int = `v₄₄`.-(`v₄₅`)
              val `v₅₀`: Boolean = `v₄₉`.>(0)
              if (`v₅₀`) {
                acc = acc.+(`v₄₉`)
                ()
              } else ()
              val `v₅₁`: Int = `v₄₉`.+(3)
              val `v₅₂`: Boolean = `v₅₁`.>(0)
              if (`v₅₂`) {
                val `v₅₃`: Int = `v₄₉`.+(3)
                acc = acc.+(`v₅₃`)
                ()
              } else ()
              ()
            } else ()
          }
        } else ()
        val `v₅₄`: Int = `v₃₉`.^(5)
        val `v₅₅`: Int = `v₅₄`.%(2)
        val `v₅₆`: Boolean = `v₅₅`.==(0)
        if (`v₅₆`) {
          val `v₅₇`: Int = `v₃₉`.^(5)
          val `v₅₈`: Int = `v₅₇`.-(7)
          if (c.>=(zn)) done = true else {
            val `pos₄`: Int = c
            c = c.+(1)
            val `v₅₉`: Int = FArrayOps.intAt(zthat, `pos₄`)
            val `v₆₀`: Int = `v₅₈`.+(`v₅₉`)
            val `v₆₁`: Int = `c₂`
            `c₂` = `c₂`.+(1)
            val `v₆₂`: Int = `v₆₀`.+(`v₆₁`)
            val `v₆₃`: Int = `v₆₂`.%(4)
            val `v₆₄`: Boolean = `v₆₃`.!=(0)
            if (`v₆₄`) {
              val `v₆₅`: Int = `v₆₀`.-(`v₆₁`)
              val `v₆₆`: Boolean = `v₆₅`.>(0)
              if (`v₆₆`) {
                acc = acc.+(`v₆₅`)
                ()
              } else ()
              val `v₆₇`: Int = `v₆₅`.+(3)
              val `v₆₈`: Boolean = `v₆₇`.>(0)
              if (`v₆₈`) {
                val `v₆₉`: Int = `v₆₅`.+(3)
                acc = acc.+(`v₆₉`)
                ()
              } else ()
              ()
            } else ()
          }
        } else ()
        ()
      } else ()
      i = i.+(1)
    }
    acc
  }: Int)
}.asInstanceOf[Int]: Int): Int): Int)
